Copyright 1986-2016 Xilinx, Inc. All Rights Reserved.
-----------------------------------------------------------------------------------------------
| Tool Version      : Vivado v.2016.2 (win64) Build 1577090 Thu Jun  2 16:32:40 MDT 2016
| Date              : Sat Jan 06 10:20:03 2018
| Host              : DESKTOP-27D8AGB running 64-bit major release  (build 9200)
| Command           : report_clock_utilization -file trafficlight_clock_utilization_routed.rpt
| Design            : trafficlight
| Device            : 7a100t-csg324
| Speed File        : -1  PRODUCTION 1.14 2014-09-11
| Temperature Grade : C
-----------------------------------------------------------------------------------------------

Clock Utilization Report

Table of Contents
-----------------
1. Clock Primitive Utilization
2. Global Clock Resources
3. Global Clock Source Details
4. Local Clock Details
5. Clock Regions: Key Resource Utilization
6. Clock Regions : Global Clock Summary
7. Cell Type Counts per Global Clock: Region X0Y0
8. Cell Type Counts per Global Clock: Region X0Y1
9. Cell Type Counts per Global Clock: Region X1Y1
10. Cell Type Counts per Global Clock: Region X0Y2
11. Load Cell Placement Summary for Global Clock g0
12. Load Cell Placement Summary for Global Clock g1
13. Load Cell Placement Summary for Global Clock g2
14. Load Cell Placement Summary for Global Clock g3
15. Load Cell Placement Summary for Global Clock g4
16. Load Cell Placement Summary for Global Clock g5

1. Clock Primitive Utilization
------------------------------

+----------+------+-----------+-----+--------------+--------+
| Type     | Used | Available | LOC | Clock Region | Pblock |
+----------+------+-----------+-----+--------------+--------+
| BUFGCTRL |    6 |        32 |   0 |            0 |      0 |
| BUFH     |    0 |        96 |   0 |            0 |      0 |
| BUFIO    |    0 |        24 |   0 |            0 |      0 |
| BUFMR    |    0 |        12 |   0 |            0 |      0 |
| BUFR     |    0 |        24 |   0 |            0 |      0 |
| MMCM     |    0 |         6 |   0 |            0 |      0 |
| PLL      |    0 |         6 |   0 |            0 |      0 |
+----------+------+-----------+-----+--------------+--------+


2. Global Clock Resources
-------------------------

+-------+-------+-----------------+------------+----------------+--------------+------+-------------------+---------------+-------------+-----------------+--------------+-------+----------------------------------+---------------------------+
| GlbID | SrcId | Driver Type/Pin | Constraint | Site           | Clock Region | Root | Clock Delay Group | Clock Regions | Clock Loads | Non-Clock Loads | Clock Period | Clock | Driver Pin                       | Net                       |
+-------+-------+-----------------+------------+----------------+--------------+------+-------------------+---------------+-------------+-----------------+--------------+-------+----------------------------------+---------------------------+
| g0    | src0  | BUFG/O          | None       | BUFGCTRL_X0Y0  | n/a          |      |                   |             4 |         420 |               1 |              |       | vs_OBUF_BUFG_inst/O              | vs_OBUF_BUFG              |
| g1    | src1  | BUFG/O          | None       | BUFGCTRL_X0Y16 | n/a          |      |                   |             3 |          94 |               0 |              |       | CLK_IBUF_BUFG_inst/O             | CLK_IBUF_BUFG             |
| g2    | src2  | BUFG/O          | None       | BUFGCTRL_X0Y1  | n/a          |      |                   |             2 |          72 |               0 |              |       | vcount_reg[9]_i_3/O              | pclk                      |
| g3    | src3  | BUFG/O          | None       | BUFGCTRL_X0Y2  | n/a          |      |                   |             1 |          35 |               0 |              |       | D_OUT_reg[1]_i_2/O               | D_OUT_reg[1]_i_2_n_0      |
| g4    | src4  | BUFG/O          | None       | BUFGCTRL_X0Y3  | n/a          |      |                   |             1 |          32 |               0 |              |       | hcount1_reg[9]_i_2/O             | pclk1                     |
| g5    | src5  | BUFG/O          | None       | BUFGCTRL_X0Y4  | n/a          |      |                   |             1 |           3 |               0 |              |       | speed_select_IBUF_BUFG[1]_inst/O | speed_select_IBUF_BUFG[1] |
+-------+-------+-----------------+------------+----------------+--------------+------+-------------------+---------------+-------------+-----------------+--------------+-------+----------------------------------+---------------------------+
* Note: Multiple constraint types applied to the driver. Please check for potential conflicts.


3. Global Clock Source Details
------------------------------

+-------+--------+-----------------+------------+--------------+--------------+-------------+-----------------+---------------------+--------------+------------------------------------------+----------------------------------+
| SrcID | GlbIDs | Driver Type/Pin | Constraint | Site         | Clock Region | Clock Loads | Non-Clock Loads | Source Clock Period | Source Clock | Driver Pin                               | Net                              |
+-------+--------+-----------------+------------+--------------+--------------+-------------+-----------------+---------------------+--------------+------------------------------------------+----------------------------------+
| src0  | g0     | LUT6/O          | None       | SLICE_X10Y58 | X0Y1         |           0 |               1 |                     |              | vga_controller_1/vs_OBUF_BUFG_inst_i_1/O | vga_controller_1/vs_OBUF         |
| src1  | g1     | IBUF/O          | IOB_X1Y126 | IOB_X1Y126   | X1Y2         |           0 |               1 |                     |              | CLK_IBUF_inst/O                          | CLK_IBUF                         |
| src2  | g2     | FDRE/Q          | None       | SLICE_X52Y96 | X1Y1         |           0 |               2 |                     |              | vga_controller_1/count_reg[1]/Q          | vga_controller_1/count_reg[1]_0  |
| src3  | g3     | FDRE/Q          | None       | SLICE_X52Y97 | X1Y1         |           0 |               1 |                     |              | b2v_inst12/clk_out_reg/Q                 | b2v_inst12/D_OUT_reg[0]          |
| src4  | g4     | FDRE/Q          | None       | SLICE_X52Y96 | X1Y1         |           0 |               2 |                     |              | vga_controller_1/count1_reg[1]/Q         | vga_controller_1/count1_reg[1]_0 |
| src5  | g5     | IBUF/O          | IOB_X0Y58  | IOB_X0Y58    | X0Y1         |           0 |              39 |                     |              | speed_select_IBUF[1]_inst/O              | speed_select_IBUF[1]             |
+-------+--------+-----------------+------------+--------------+--------------+-------------+-----------------+---------------------+--------------+------------------------------------------+----------------------------------+
* Note: Multiple constraint types applied to the driver. Please check for potential conflicts.


4. Local Clock Details
----------------------

+-------+-----------------+------------+-----------------+--------------+-------------+-----------------+--------------+-------+--------------------------+------------------------+
| LocId | Driver Type/Pin | Constraint | Site/BEL        | Clock Region | Clock Loads | Non-Clock Loads | Clock Period | Clock | Driver Pin               | Net                    |
+-------+-----------------+------------+-----------------+--------------+-------------+-----------------+--------------+-------+--------------------------+------------------------+
| 0     | FDRE/Q          | None       | SLICE_X8Y96/AFF | X0Y1         |          14 |               0 |              |       | b2v_inst11/clk_out_reg/Q | b2v_inst11/CLK         |
| 1     | FDRE/Q          | None       | SLICE_X2Y93/AFF | X0Y1         |           1 |               2 |              |       | alarm_clock/O_CLK_reg/Q  | alarm_clock/O_CLK_OBUF |
+-------+-----------------+------------+-----------------+--------------+-------------+-----------------+--------------+-------+--------------------------+------------------------+
* Note: Multiple constraint types applied to the driver. Please check for potential conflicts.


5. Clock Regions: Key Resource Utilization
------------------------------------------

+-------------------+--------------+--------------+--------------+--------------+--------------+--------------+--------------+--------------+--------------+--------------+--------------+--------------+--------------+--------------+--------------+
|                   | Global Clock |     BUFRs    |    BUFMRs    |    BUFIOs    |     MMCM     |      PLL     |      GT      |      PCI     |    ILOGIC    |    OLOGIC    |      FF      |     LUTM     |    RAMB18    |    RAMB36    |    DSP48E2   |
+-------------------+------+-------+------+-------+------+-------+------+-------+------+-------+------+-------+------+-------+------+-------+------+-------+------+-------+------+-------+------+-------+------+-------+------+-------+------+-------+
| Clock Region Name | Used | Avail | Used | Avail | Used | Avail | Used | Avail | Used | Avail | Used | Avail | Used | Avail | Used | Avail | Used | Avail | Used | Avail | Used | Avail | Used | Avail | Used | Avail | Used | Avail | Used | Avail |
+-------------------+------+-------+------+-------+------+-------+------+-------+------+-------+------+-------+------+-------+------+-------+------+-------+------+-------+------+-------+------+-------+------+-------+------+-------+------+-------+
| X0Y0              |    2 |    12 |    0 |     4 |    0 |     2 |    0 |     4 |    0 |     1 |    0 |     1 |    0 |     0 |    0 |     0 |    0 |    50 |    0 |    50 |   20 | 20800 |    0 |  2400 |    0 |     0 |    0 |    10 |    0 |    20 |
| X1Y0              |    0 |    12 |    0 |     0 |    0 |     0 |    0 |     0 |    0 |     0 |    0 |     0 |    0 |     5 |    0 |     0 |    0 |     0 |    0 |     0 |    0 | 12000 |    0 |  2200 |    0 |     0 |    0 |    20 |    0 |    40 |
| X0Y1              |    5 |    12 |    0 |     4 |    0 |     2 |    0 |     4 |    0 |     1 |    0 |     1 |    0 |     0 |    0 |     0 |    0 |    50 |    0 |    50 |  423 | 16000 |    8 |  2400 |    0 |     0 |    0 |    10 |    0 |    20 |
| X1Y1              |    2 |    12 |    0 |     4 |    0 |     2 |    0 |     4 |    0 |     1 |    0 |     1 |    0 |     0 |    0 |     0 |    0 |    50 |    0 |    50 |   25 | 15200 |    1 |  2600 |    0 |     0 |    0 |    30 |    0 |    40 |
| X0Y2              |    3 |    12 |    0 |     4 |    0 |     2 |    0 |     4 |    0 |     1 |    0 |     1 |    0 |     0 |    0 |     0 |    0 |    50 |    0 |    50 |   33 | 16000 |    1 |  2400 |    0 |     0 |    0 |    10 |    0 |    20 |
| X1Y2              |    0 |    12 |    0 |     4 |    0 |     2 |    0 |     4 |    0 |     1 |    0 |     1 |    0 |     0 |    0 |     0 |    0 |    50 |    0 |    50 |    0 | 15200 |    0 |  2600 |    0 |     0 |    0 |    30 |    0 |    40 |
| X0Y3              |    0 |    12 |    0 |     4 |    0 |     2 |    0 |     4 |    0 |     1 |    0 |     1 |    0 |     0 |    0 |     0 |    0 |    50 |    0 |    50 |    0 | 20800 |    0 |  2400 |    0 |     0 |    0 |    10 |    0 |    20 |
| X1Y3              |    0 |    12 |    0 |     0 |    0 |     0 |    0 |     0 |    0 |     0 |    0 |     0 |    0 |     5 |    0 |     0 |    0 |     0 |    0 |     0 |    0 | 10800 |    0 |  2000 |    0 |     0 |    0 |    15 |    0 |    40 |
+-------------------+------+-------+------+-------+------+-------+------+-------+------+-------+------+-------+------+-------+------+-------+------+-------+------+-------+------+-------+------+-------+------+-------+------+-------+------+-------+
* Used Global Clocks includes only global clock resources based on load placement but does not consider global clock resources used to traverse a clock region. Therefore the actual total of Used Global Clocks may be higher.
** RAMB36 site can be used as two RAMB18/FIFO18 sites.


6. Clock Regions : Global Clock Summary
---------------------------------------

+----+----+----+
|    | X0 | X1 |
+----+----+----+
| Y3 |  0 |  0 |
| Y2 |  3 |  0 |
| Y1 |  5 |  2 |
| Y0 |  2 |  0 |
+----+----+----+
* Used Global Clocks includes only global clock resources based on load placement but does not consider global clock resources used to traverse a clock region. Therefore the actual total of Used Global Clocks may be higher.


7. Cell Type Counts per Global Clock: Region X0Y0
-------------------------------------------------

+-------+-------+-----------------+------------+-------------+-----------------+----+--------+------+-----+----+------+-----+---------+--------------+
| GlbID | Track | Driver Type/Pin | Constraint | Clock Loads | Non-Clock Loads | FF | LUTRAM | RAMB | DSP | GT | MMCM | PLL | Hard IP | Net          |
+-------+-------+-----------------+------------+-------------+-----------------+----+--------+------+-----+----+------+-----+---------+--------------+
| g0    | n/a   | BUFG/O          | None       |           0 |              17 | 17 |      0 |    0 |   0 |  0 |    0 |   0 |       0 | vs_OBUF_BUFG |
| g2    | n/a   | BUFG/O          | None       |           0 |               3 |  3 |      0 |    0 |   0 |  0 |    0 |   0 |       0 | pclk         |
+-------+-------+-----------------+------------+-------------+-----------------+----+--------+------+-----+----+------+-----+---------+--------------+
* Note: Multiple constraint types applied to the driver. Please check for potential conflicts.


8. Cell Type Counts per Global Clock: Region X0Y1
-------------------------------------------------

+-------+-------+-----------------+------------+-------------+-----------------+-----+--------+------+-----+----+------+-----+---------+---------------------------+
| GlbID | Track | Driver Type/Pin | Constraint | Clock Loads | Non-Clock Loads | FF  | LUTRAM | RAMB | DSP | GT | MMCM | PLL | Hard IP | Net                       |
+-------+-------+-----------------+------------+-------------+-----------------+-----+--------+------+-----+----+------+-----+---------+---------------------------+
| g0    | n/a   | BUFG/O          | None       |           0 |             264 | 264 |      1 |    0 |   0 |  0 |    0 |   0 |       0 | vs_OBUF_BUFG              |
| g1    | n/a   | BUFG/O          | None       |           0 |              53 |  53 |      3 |    0 |   0 |  0 |    0 |   0 |       0 | CLK_IBUF_BUFG             |
| g2    | n/a   | BUFG/O          | None       |           0 |              54 |  54 |      1 |    0 |   0 |  0 |    0 |   0 |       0 | pclk                      |
| g3    | n/a   | BUFG/O          | None       |           0 |              35 |  35 |      2 |    0 |   0 |  0 |    0 |   0 |       0 | D_OUT_reg[1]_i_2_n_0      |
| g5    | n/a   | BUFG/O          | None       |           0 |               3 |   3 |      0 |    0 |   0 |  0 |    0 |   0 |       0 | speed_select_IBUF_BUFG[1] |
+-------+-------+-----------------+------------+-------------+-----------------+-----+--------+------+-----+----+------+-----+---------+---------------------------+
* Note: Multiple constraint types applied to the driver. Please check for potential conflicts.


9. Cell Type Counts per Global Clock: Region X1Y1
-------------------------------------------------

+-------+-------+-----------------+------------+-------------+-----------------+----+--------+------+-----+----+------+-----+---------+---------------+
| GlbID | Track | Driver Type/Pin | Constraint | Clock Loads | Non-Clock Loads | FF | LUTRAM | RAMB | DSP | GT | MMCM | PLL | Hard IP | Net           |
+-------+-------+-----------------+------------+-------------+-----------------+----+--------+------+-----+----+------+-----+---------+---------------+
| g0    | n/a   | BUFG/O          | None       |           0 |              20 | 20 |      1 |    0 |   0 |  0 |    0 |   0 |       0 | vs_OBUF_BUFG  |
| g1    | n/a   | BUFG/O          | None       |           0 |               5 |  5 |      0 |    0 |   0 |  0 |    0 |   0 |       0 | CLK_IBUF_BUFG |
+-------+-------+-----------------+------------+-------------+-----------------+----+--------+------+-----+----+------+-----+---------+---------------+
* Note: Multiple constraint types applied to the driver. Please check for potential conflicts.


10. Cell Type Counts per Global Clock: Region X0Y2
--------------------------------------------------

+-------+-------+-----------------+------------+-------------+-----------------+----+--------+------+-----+----+------+-----+---------+---------------+
| GlbID | Track | Driver Type/Pin | Constraint | Clock Loads | Non-Clock Loads | FF | LUTRAM | RAMB | DSP | GT | MMCM | PLL | Hard IP | Net           |
+-------+-------+-----------------+------------+-------------+-----------------+----+--------+------+-----+----+------+-----+---------+---------------+
| g0    | n/a   | BUFG/O          | None       |           0 |               1 |  0 |      0 |    0 |   0 |  0 |    0 |   0 |       0 | vs_OBUF_BUFG  |
| g1    | n/a   | BUFG/O          | None       |           0 |               1 |  1 |      1 |    0 |   0 |  0 |    0 |   0 |       0 | CLK_IBUF_BUFG |
| g4    | n/a   | BUFG/O          | None       |           0 |              32 | 32 |      0 |    0 |   0 |  0 |    0 |   0 |       0 | pclk1         |
+-------+-------+-----------------+------------+-------------+-----------------+----+--------+------+-----+----+------+-----+---------+---------------+
* Note: Multiple constraint types applied to the driver. Please check for potential conflicts.


11. Load Cell Placement Summary for Global Clock g0
---------------------------------------------------

+-------+-----------------+-------------------+-------+-------------+---------------+----------+-------------+----------+-------------+----+--------------+
| GlbID | Driver Type/Pin | Driver Region (D) | Clock | Period (ns) | Waveform (ns) | Root (R) | Slice Loads | IO Loads | Clock Loads | GT | Net          |
+-------+-----------------+-------------------+-------+-------------+---------------+----------+-------------+----------+-------------+----+--------------+
| g0    | BUFG/O          | n/a               |       |             |               |          |         301 |        1 |           0 |  0 | vs_OBUF_BUFG |
+-------+-----------------+-------------------+-------+-------------+---------------+----------+-------------+----------+-------------+----+--------------+


+----+------+-----+
|    | X0   | X1  |
+----+------+-----+
| Y3 |    0 |   0 |
| Y2 |    1 |   0 |
| Y1 |  264 |  20 |
| Y0 |   17 |   0 |
+----+------+-----+


12. Load Cell Placement Summary for Global Clock g1
---------------------------------------------------

+-------+-----------------+-------------------+-------+-------------+---------------+----------+-------------+----------+-------------+----+---------------+
| GlbID | Driver Type/Pin | Driver Region (D) | Clock | Period (ns) | Waveform (ns) | Root (R) | Slice Loads | IO Loads | Clock Loads | GT | Net           |
+-------+-----------------+-------------------+-------+-------------+---------------+----------+-------------+----------+-------------+----+---------------+
| g1    | BUFG/O          | n/a               |       |             |               |          |          59 |        0 |           0 |  0 | CLK_IBUF_BUFG |
+-------+-----------------+-------------------+-------+-------------+---------------+----------+-------------+----------+-------------+----+---------------+


+----+-----+----+
|    | X0  | X1 |
+----+-----+----+
| Y3 |   0 |  0 |
| Y2 |   1 |  0 |
| Y1 |  53 |  5 |
| Y0 |   0 |  0 |
+----+-----+----+


13. Load Cell Placement Summary for Global Clock g2
---------------------------------------------------

+-------+-----------------+-------------------+-------+-------------+---------------+----------+-------------+----------+-------------+----+------+
| GlbID | Driver Type/Pin | Driver Region (D) | Clock | Period (ns) | Waveform (ns) | Root (R) | Slice Loads | IO Loads | Clock Loads | GT | Net  |
+-------+-----------------+-------------------+-------+-------------+---------------+----------+-------------+----------+-------------+----+------+
| g2    | BUFG/O          | n/a               |       |             |               |          |          57 |        0 |           0 |  0 | pclk |
+-------+-----------------+-------------------+-------+-------------+---------------+----------+-------------+----------+-------------+----+------+


+----+-----+----+
|    | X0  | X1 |
+----+-----+----+
| Y3 |   0 |  0 |
| Y2 |   0 |  0 |
| Y1 |  54 |  0 |
| Y0 |   3 |  0 |
+----+-----+----+


14. Load Cell Placement Summary for Global Clock g3
---------------------------------------------------

+-------+-----------------+-------------------+-------+-------------+---------------+----------+-------------+----------+-------------+----+----------------------+
| GlbID | Driver Type/Pin | Driver Region (D) | Clock | Period (ns) | Waveform (ns) | Root (R) | Slice Loads | IO Loads | Clock Loads | GT | Net                  |
+-------+-----------------+-------------------+-------+-------------+---------------+----------+-------------+----------+-------------+----+----------------------+
| g3    | BUFG/O          | n/a               |       |             |               |          |          35 |        0 |           0 |  0 | D_OUT_reg[1]_i_2_n_0 |
+-------+-----------------+-------------------+-------+-------------+---------------+----------+-------------+----------+-------------+----+----------------------+


+----+-----+----+
|    | X0  | X1 |
+----+-----+----+
| Y3 |   0 |  0 |
| Y2 |   0 |  0 |
| Y1 |  35 |  0 |
| Y0 |   0 |  0 |
+----+-----+----+


15. Load Cell Placement Summary for Global Clock g4
---------------------------------------------------

+-------+-----------------+-------------------+-------+-------------+---------------+----------+-------------+----------+-------------+----+-------+
| GlbID | Driver Type/Pin | Driver Region (D) | Clock | Period (ns) | Waveform (ns) | Root (R) | Slice Loads | IO Loads | Clock Loads | GT | Net   |
+-------+-----------------+-------------------+-------+-------------+---------------+----------+-------------+----------+-------------+----+-------+
| g4    | BUFG/O          | n/a               |       |             |               |          |          32 |        0 |           0 |  0 | pclk1 |
+-------+-----------------+-------------------+-------+-------------+---------------+----------+-------------+----------+-------------+----+-------+


+----+-----+----+
|    | X0  | X1 |
+----+-----+----+
| Y3 |   0 |  0 |
| Y2 |  32 |  0 |
| Y1 |   0 |  0 |
| Y0 |   0 |  0 |
+----+-----+----+


16. Load Cell Placement Summary for Global Clock g5
---------------------------------------------------

+-------+-----------------+-------------------+-------+-------------+---------------+----------+-------------+----------+-------------+----+---------------------------+
| GlbID | Driver Type/Pin | Driver Region (D) | Clock | Period (ns) | Waveform (ns) | Root (R) | Slice Loads | IO Loads | Clock Loads | GT | Net                       |
+-------+-----------------+-------------------+-------+-------------+---------------+----------+-------------+----------+-------------+----+---------------------------+
| g5    | BUFG/O          | n/a               |       |             |               |          |           3 |        0 |           0 |  0 | speed_select_IBUF_BUFG[1] |
+-------+-----------------+-------------------+-------+-------------+---------------+----------+-------------+----------+-------------+----+---------------------------+


+----+----+----+
|    | X0 | X1 |
+----+----+----+
| Y3 |  0 |  0 |
| Y2 |  0 |  0 |
| Y1 |  3 |  0 |
| Y0 |  0 |  0 |
+----+----+----+



# Location of BUFG Primitives 
set_property LOC BUFGCTRL_X0Y0 [get_cells vs_OBUF_BUFG_inst]
set_property LOC BUFGCTRL_X0Y4 [get_cells speed_select_IBUF_BUFG[1]_inst]
set_property LOC BUFGCTRL_X0Y3 [get_cells hcount1_reg[9]_i_2]
set_property LOC BUFGCTRL_X0Y1 [get_cells vcount_reg[9]_i_3]
set_property LOC BUFGCTRL_X0Y2 [get_cells D_OUT_reg[1]_i_2]
set_property LOC BUFGCTRL_X0Y16 [get_cells CLK_IBUF_BUFG_inst]

# Location of IO Primitives which is load of clock spine
set_property LOC IOB_X0Y143 [get_cells vs_OBUF_inst]

# Location of clock ports
set_property LOC IOB_X1Y126 [get_ports CLK]
set_property LOC IOB_X0Y58 [get_ports speed_select[1]]

# Clock net "vs_OBUF_BUFG" driven by instance "vs_OBUF_BUFG_inst" located at site "BUFGCTRL_X0Y0"
#startgroup
create_pblock {CLKAG_vs_OBUF_BUFG}
add_cells_to_pblock [get_pblocks  {CLKAG_vs_OBUF_BUFG}] [get_cells -filter { PRIMITIVE_GROUP != I/O && IS_PRIMITIVE==1 && PRIMITIVE_LEVEL !=INTERNAL && NAME!=vs_OBUF_inst} -of_object [get_pins -filter {DIRECTION==IN} -of_objects [get_nets -hierarchical -filter {PARENT=="vs_OBUF_BUFG"}]]]
resize_pblock [get_pblocks {CLKAG_vs_OBUF_BUFG}] -add {CLOCKREGION_X0Y0:CLOCKREGION_X0Y0 CLOCKREGION_X0Y1:CLOCKREGION_X0Y1 CLOCKREGION_X1Y1:CLOCKREGION_X1Y1}
#endgroup

# Clock net "speed_select_IBUF_BUFG[1]" driven by instance "speed_select_IBUF_BUFG[1]_inst" located at site "BUFGCTRL_X0Y4"
#startgroup
create_pblock {CLKAG_speed_select_IBUF_BUFG[1]}
add_cells_to_pblock [get_pblocks  {CLKAG_speed_select_IBUF_BUFG[1]}] [get_cells -filter { PRIMITIVE_GROUP != I/O && IS_PRIMITIVE==1 && PRIMITIVE_LEVEL !=INTERNAL } -of_object [get_pins -filter {DIRECTION==IN} -of_objects [get_nets -hierarchical -filter {PARENT=="speed_select_IBUF_BUFG[1]"}]]]
resize_pblock [get_pblocks {CLKAG_speed_select_IBUF_BUFG[1]}] -add {CLOCKREGION_X0Y1:CLOCKREGION_X0Y1}
#endgroup

# Clock net "pclk1" driven by instance "hcount1_reg[9]_i_2" located at site "BUFGCTRL_X0Y3"
#startgroup
create_pblock {CLKAG_pclk1}
add_cells_to_pblock [get_pblocks  {CLKAG_pclk1}] [get_cells -filter { PRIMITIVE_GROUP != I/O && IS_PRIMITIVE==1 && PRIMITIVE_LEVEL !=INTERNAL } -of_object [get_pins -filter {DIRECTION==IN} -of_objects [get_nets -hierarchical -filter {PARENT=="pclk1"}]]]
resize_pblock [get_pblocks {CLKAG_pclk1}] -add {CLOCKREGION_X0Y2:CLOCKREGION_X0Y2}
#endgroup

# Clock net "pclk" driven by instance "vcount_reg[9]_i_3" located at site "BUFGCTRL_X0Y1"
#startgroup
create_pblock {CLKAG_pclk}
add_cells_to_pblock [get_pblocks  {CLKAG_pclk}] [get_cells -filter { PRIMITIVE_GROUP != I/O && IS_PRIMITIVE==1 && PRIMITIVE_LEVEL !=INTERNAL } -of_object [get_pins -filter {DIRECTION==IN} -of_objects [get_nets -hierarchical -filter {PARENT=="pclk"}]]]
resize_pblock [get_pblocks {CLKAG_pclk}] -add {CLOCKREGION_X0Y0:CLOCKREGION_X0Y0 CLOCKREGION_X0Y1:CLOCKREGION_X0Y1}
#endgroup

# Clock net "D_OUT_reg[1]_i_2_n_0" driven by instance "D_OUT_reg[1]_i_2" located at site "BUFGCTRL_X0Y2"
#startgroup
create_pblock {CLKAG_D_OUT_reg[1]_i_2_n_0}
add_cells_to_pblock [get_pblocks  {CLKAG_D_OUT_reg[1]_i_2_n_0}] [get_cells -filter { PRIMITIVE_GROUP != I/O && IS_PRIMITIVE==1 && PRIMITIVE_LEVEL !=INTERNAL } -of_object [get_pins -filter {DIRECTION==IN} -of_objects [get_nets -hierarchical -filter {PARENT=="D_OUT_reg[1]_i_2_n_0"}]]]
resize_pblock [get_pblocks {CLKAG_D_OUT_reg[1]_i_2_n_0}] -add {CLOCKREGION_X0Y1:CLOCKREGION_X0Y1}
#endgroup

# Clock net "CLK_IBUF_BUFG" driven by instance "CLK_IBUF_BUFG_inst" located at site "BUFGCTRL_X0Y16"
#startgroup
create_pblock {CLKAG_CLK_IBUF_BUFG}
add_cells_to_pblock [get_pblocks  {CLKAG_CLK_IBUF_BUFG}] [get_cells -filter { PRIMITIVE_GROUP != I/O && IS_PRIMITIVE==1 && PRIMITIVE_LEVEL !=INTERNAL } -of_object [get_pins -filter {DIRECTION==IN} -of_objects [get_nets -hierarchical -filter {PARENT=="CLK_IBUF_BUFG"}]]]
resize_pblock [get_pblocks {CLKAG_CLK_IBUF_BUFG}] -add {CLOCKREGION_X0Y1:CLOCKREGION_X0Y1 CLOCKREGION_X1Y1:CLOCKREGION_X1Y1}
#endgroup
